2026-10-01 10:49:49 [INFO] log_geocode: Координаты для обратного геокодинга lat=55.755843410046594, lon=37.617734670639045
2026-10-01 10:49:49 [INFO] log_geocode: URL запроса: https://nominatim.openstreetmap.org/reverse?lat=55.755843410046594&lon=37.617734670639045&format=jsonv2&accept-language=ru. 
 Получен статус код: 200
2026-10-01 10:49:49 [INFO] log_geocode: Получено тело ответа: {'place_id': 194877034, 'licence': 'Data © OpenStreetMap contributors, ODbL 1.0. http://osm.org/copyright', 'osm_type': 'node', 'osm_id': 583204619, 'lat': '55.7558470', 'lon': '37.6177036', 'category': 'highway', 'type': 'milestone', 'place_rank': 30, 'importance': 8.908293278396304e-05, 'addresstype': 'highway', 'name': 'Нулевой километр', 'display_name': 'Нулевой километр, проезд Воскресенские Ворота, 18, Тверской район, Москва, Центральный федеральный округ, 103265, Россия', 'address': {'highway': 'Нулевой километр', 'road': 'проезд Воскресенские Ворота', 'quarter': '18', 'suburb': 'Тверской район', 'city': 'Москва', 'state': 'Москва', 'ISO3166-2-lvl4': 'RU-MOW', 'region': 'Центральный федеральный округ', 'postcode': '103265', 'country': 'Россия', 'country_code': 'ru'}, 'boundingbox': ['55.7557970', '55.7558970', '37.6176536', '37.6177536']}
2026-10-01 10:49:50 [INFO] log_geocode: Координаты для обратного геокодинга lat=63.57250920316036, lon=53.65243077278138
2026-10-01 10:49:50 [INFO] log_geocode: URL запроса: https://nominatim.openstreetmap.org/reverse?lat=63.57250920316036&lon=53.65243077278138&format=jsonv2&accept-language=ru. 
 Получен статус код: 200
2026-10-01 10:49:50 [INFO] log_geocode: Получено тело ответа: {'place_id': 199382073, 'licence': 'Data © OpenStreetMap contributors, ODbL 1.0. http://osm.org/copyright', 'osm_type': 'way', 'osm_id': 45893790, 'lat': '63.5723373', 'lon': '53.6511549', 'category': 'building', 'type': 'apartments', 'place_rank': 30, 'importance': 5.908522163724754e-05, 'addresstype': 'building', 'name': '', 'display_name': '57, Интернациональная улица, Ухта, муниципальный округ Ухта, Республика Коми, Северо-Западный федеральный округ, 169300, Россия', 'address': {'house_number': '57', 'road': 'Интернациональная улица', 'town': 'Ухта', 'county': 'муниципальный округ Ухта', 'state': 'Республика Коми', 'ISO3166-2-lvl4': 'RU-KO', 'region': 'Северо-Западный федеральный округ', 'postcode': '169300', 'country': 'Россия', 'country_code': 'ru'}, 'boundingbox': ['63.5719980', '63.5726717', '53.6506150', '53.6535486']}
2026-10-01 10:49:51 [INFO] log_geocode: Координаты для обратного геокодинга lat=-22.9036181, lon=-43.1882037
2026-10-01 10:49:52 [INFO] log_geocode: URL запроса: https://nominatim.openstreetmap.org/reverse?lat=-22.9036181&lon=-43.1882037&format=jsonv2&accept-language=ru. 
 Получен статус код: 200
2026-10-01 10:49:52 [INFO] log_geocode: Получено тело ответа: {'place_id': 10418943, 'licence': 'Data © OpenStreetMap contributors, ODbL 1.0. http://osm.org/copyright', 'osm_type': 'way', 'osm_id': 270846738, 'lat': '-22.9036181', 'lon': '-43.1882037', 'category': 'building', 'type': 'school', 'place_rank': 30, 'importance': 8.152666514071897e-05, 'addresstype': 'building', 'name': 'Escola Municipal Rivadávia Corrêa', 'display_name': 'Escola Municipal Rivadávia Corrêa, 1314, Avenida Presidente Vargas, Saara, Centro, Рио-де-Жанейро, Юго-восточный регион, 20071-004, Бразилия', 'address': {'building': 'Escola Municipal Rivadávia Corrêa', 'house_number': '1314', 'road': 'Avenida Presidente Vargas', 'neighbourhood': 'Saara', 'suburb': 'Centro', 'city': 'Рио-де-Жанейро', 'state': 'Рио-де-Жанейро', 'ISO3166-2-lvl4': 'BR-RJ', 'region': 'Юго-восточный регион', 'postcode': '20071-004', 'country': 'Бразилия', 'country_code': 'br'}, 'boundingbox': ['-22.9038239', '-22.9033856', '-43.1884413', '-43.1879887']}
2026-10-01 10:49:53 [INFO] log_geocode: Координаты для обратного геокодинга lat=41.38719751343148, lon=2.146624828421553
2026-10-01 10:49:53 [INFO] log_geocode: URL запроса: https://nominatim.openstreetmap.org/reverse?lat=41.38719751343148&lon=2.146624828421553&format=jsonv2&accept-language=ru. 
 Получен статус код: 200
2026-10-01 10:49:53 [INFO] log_geocode: Получено тело ответа: {'place_id': 83998529, 'licence': 'Data © OpenStreetMap contributors, ODbL 1.0. http://osm.org/copyright', 'osm_type': 'node', 'osm_id': 13039327837, 'lat': '41.3871976', 'lon': '2.1466429', 'category': 'shop', 'type': 'electronics', 'place_rank': 30, 'importance': 8.435721370255616e-05, 'addresstype': 'shop', 'name': 'Samsung', 'display_name': "Samsung, 111, Carrer de Còrsega, la Nova Esquerra de l'Eixample, Эшампле, Барселона, Барселонес, Барселона, Каталония, 08029, Испания", 'address': {'shop': 'Samsung', 'house_number': '111', 'road': 'Carrer de Còrsega', 'quarter': "la Nova Esquerra de l'Eixample", 'suburb': 'Эшампле', 'city': 'Барселона', 'county': 'Барселонес', 'state_district': 'Барселона', 'ISO3166-2-lvl6': 'ES-B', 'state': 'Каталония', 'ISO3166-2-lvl4': 'ES-CT', 'postcode': '08029', 'country': 'Испания', 'country_code': 'es'}, 'boundingbox': ['41.3871476', '41.3872476', '2.1465929', '2.1466929']}
2026-10-01 10:49:54 [INFO] log_geocode: Поиск по адресу: 10/Псковская, Вологда, Вологодская область, Россия
2026-10-01 10:49:54 [INFO] log_geocode: URL запроса: https://nominatim.openstreetmap.org/search?street=10%2F%D0%9F%D1%81%D0%BA%D0%BE%D0%B2%D1%81%D0%BA%D0%B0%D1%8F&city=%D0%92%D0%BE%D0%BB%D0%BE%D0%B3%D0%B4%D0%B0&county=%D0%92%D0%BE%D0%BB%D0%BE%D0%B3%D0%BE%D0%B4%D1%81%D0%BA%D0%B0%D1%8F+%D0%BE%D0%B1%D0%BB%D0%B0%D1%81%D1%82%D1%8C&country=%D0%A0%D0%BE%D1%81%D1%81%D0%B8%D1%8F&format=jsonv2&accept-language=ru. 
 Получен статус код: 200
2026-10-01 10:49:54 [INFO] log_geocode: Получено тело ответа: [{'place_id': 197594818, 'licence': 'Data © OpenStreetMap contributors, ODbL 1.0. http://osm.org/copyright', 'osm_type': 'way', 'osm_id': 60411753, 'lat': '59.1987305', 'lon': '39.8335431', 'category': 'building', 'type': 'apartments', 'place_rank': 30, 'importance': 6.43297474631421e-05, 'addresstype': 'building', 'name': '', 'display_name': '10, Псковская улица, 3-й микрорайон, Вологда, городской округ Вологда, Вологодская область, Северо-Западный федеральный округ, 160000, Россия', 'boundingbox': ['59.1985789', '59.1988819', '39.8332472', '39.8338390']}]
2026-10-01 10:49:55 [INFO] log_geocode: Получены координаты: {'lat': 59.1987305, 'lon': 39.8335431}
2026-10-01 10:49:55 [INFO] log_geocode: Поиск по адресу: 94/West Cedar Street, Boston, Suffolk County, Соединенные Штаты Америки
2026-10-01 10:49:55 [INFO] log_geocode: URL запроса: https://nominatim.openstreetmap.org/search?street=94%2FWest+Cedar+Street&city=Boston&county=Suffolk+County&country=%D0%A1%D0%BE%D0%B5%D0%B4%D0%B8%D0%BD%D0%B5%D0%BD%D0%BD%D1%8B%D0%B5+%D0%A8%D1%82%D0%B0%D1%82%D1%8B+%D0%90%D0%BC%D0%B5%D1%80%D0%B8%D0%BA%D0%B8&format=jsonv2&accept-language=ru. 
 Получен статус код: 200
2026-10-01 10:49:55 [INFO] log_geocode: Получено тело ответа: [{'place_id': 361071366, 'licence': 'Data © OpenStreetMap contributors, ODbL 1.0. http://osm.org/copyright', 'osm_type': 'way', 'osm_id': 405841658, 'lat': '42.3606017', 'lon': '-71.0702549', 'category': 'building', 'type': 'retail', 'place_rank': 30, 'importance': 8.102616922250732e-05, 'addresstype': 'building', 'name': '', 'display_name': '94, West Cedar Street, Beacon Hill, Бостон, Suffolk County, Массачусетс, 02114, Соединённые Штаты Америки', 'boundingbox': ['42.3605736', '42.3606317', '-71.0704003', '-71.0701143']}]
2026-10-01 10:49:56 [INFO] log_geocode: Получены координаты: {'lat': 42.3606017, 'lon': -71.0702549}
2026-10-01 10:49:56 [INFO] log_geocode: Поиск по адресу: 309/Rua Bueno Brandão, Сан-Паулу, Юго-восточный регион, Бразилия
2026-10-01 10:49:56 [INFO] log_geocode: URL запроса: https://nominatim.openstreetmap.org/search?street=309%2FRua+Bueno+Brand%C3%A3o&city=%D0%A1%D0%B0%D0%BD-%D0%9F%D0%B0%D1%83%D0%BB%D1%83&county=%D0%AE%D0%B3%D0%BE-%D0%B2%D0%BE%D1%81%D1%82%D0%BE%D1%87%D0%BD%D1%8B%D0%B9+%D1%80%D0%B5%D0%B3%D0%B8%D0%BE%D0%BD&country=%D0%91%D1%80%D0%B0%D0%B7%D0%B8%D0%BB%D0%B8%D1%8F&format=jsonv2&accept-language=ru. 
 Получен статус код: 200
2026-10-01 10:49:56 [INFO] log_geocode: Получено тело ответа: [{'place_id': 8978081, 'licence': 'Data © OpenStreetMap contributors, ODbL 1.0. http://osm.org/copyright', 'osm_type': 'node', 'osm_id': 12020425708, 'lat': '-23.5908735', 'lon': '-46.6707229', 'category': 'place', 'type': 'house', 'place_rank': 30, 'importance': 7.861829556720863e-05, 'addresstype': 'place', 'name': '', 'display_name': '309, Rua Bueno Brandão, Indianópolis, Moema, Сан-Паулу, Юго-восточный регион, 04509-021, Бразилия', 'boundingbox': ['-23.5909235', '-23.5908235', '-46.6707729', '-46.6706729']}]
2026-10-01 10:49:57 [INFO] log_geocode: Получены координаты: {'lat': -23.5908735, 'lon': -46.6707229}
2026-10-01 10:49:57 [INFO] log_geocode: Поиск по адресу: Résidence la Sablière, Иль-де-Франс, Валь-де-Марн, Франция
2026-10-01 10:49:57 [INFO] log_geocode: URL запроса: https://nominatim.openstreetmap.org/search?street=R%C3%A9sidence+la+Sabli%C3%A8re&city=%D0%98%D0%BB%D1%8C-%D0%B4%D0%B5-%D0%A4%D1%80%D0%B0%D0%BD%D1%81&county=%D0%92%D0%B0%D0%BB%D1%8C-%D0%B4%D0%B5-%D0%9C%D0%B0%D1%80%D0%BD&country=%D0%A4%D1%80%D0%B0%D0%BD%D1%86%D0%B8%D1%8F&format=jsonv2&accept-language=ru. 
 Получен статус код: 200
2026-10-01 10:49:57 [INFO] log_geocode: Получено тело ответа: [{'place_id': 96808020, 'licence': 'Data © OpenStreetMap contributors, ODbL 1.0. http://osm.org/copyright', 'osm_type': 'way', 'osm_id': 536934141, 'lat': '48.8311521', 'lon': '2.5422879', 'category': 'highway', 'type': 'service', 'place_rank': 27, 'importance': 0.040058018616006705, 'addresstype': 'road', 'name': 'Résidence la Sablière', 'display_name': 'Résidence la Sablière, Les Stades, Вилье-Сюр-Марн, Nogent-sur-Marne, Валь-де-Марн, Иль-де-Франс, Метрополия Франции, 94350, Франция', 'boundingbox': ['48.8305767', '48.8316857', '2.5413309', '2.5435548']}]
2026-10-01 10:49:58 [INFO] log_geocode: Получены координаты: {'lat': 48.8311521, 'lon': 2.5422879}
2026-10-01 10:49:58 [INFO] log_geocode: Поиск по адресу: 12/Ивановская, Бухарест, Самарская область , Испания
2026-10-01 10:49:59 [INFO] log_geocode: URL запроса: https://nominatim.openstreetmap.org/search?street=12%2F%D0%98%D0%B2%D0%B0%D0%BD%D0%BE%D0%B2%D1%81%D0%BA%D0%B0%D1%8F&city=%D0%91%D1%83%D1%85%D0%B0%D1%80%D0%B5%D1%81%D1%82&county=%D0%A1%D0%B0%D0%BC%D0%B0%D1%80%D1%81%D0%BA%D0%B0%D1%8F+%D0%BE%D0%B1%D0%BB%D0%B0%D1%81%D1%82%D1%8C+&country=%D0%98%D1%81%D0%BF%D0%B0%D0%BD%D0%B8%D1%8F&format=jsonv2&accept-language=ru. 
 Получен статус код: 200
2026-10-01 10:49:59 [INFO] log_geocode: Получено тело ответа: []
2026-10-01 10:50:00 [INFO] log_geocode: По указанному адресу координаты не найдены
